Executing stage: NMPZEstimationPipe @ 2025-01-22 17:44:04.738744
    PZEstimationPipe reading from ./tests/inputs/dm.txt
    PZEstimationPipe reading from ./tests/inputs/fiducial_cosmology.txt
    PZEstimationPipe writing to tests/outputs/inprogress_photoz_pdfs.txt
Stage complete: NMPZEstimationPipe @ 2025-01-22 17:44:04.738964 took 0.00 minutes
