Executing stage: NMSourceSummarizer @ 2025-01-22 17:44:06.243356
    SourceSummarizer reading from ./tests/outputs/tomography_catalog.txt
    SourceSummarizer reading from ./tests/outputs/photoz_pdfs.txt
    SourceSummarizer reading from ./tests/outputs/diagnostic_maps.txt
    SourceSummarizer writing to tests/outputs/inprogress_source_summary_data.txt
Stage complete: NMSourceSummarizer @ 2025-01-22 17:44:06.243599 took 0.00 minutes
