Executing stage: NMWLGCSummaryStatistic @ 2025-01-22 17:44:07.783080
    WLGCSummaryStatistic reading from ./tests/outputs/twopoint_data.txt
    WLGCSummaryStatistic reading from ./tests/outputs/covariance.txt
    WLGCSummaryStatistic reading from ./tests/outputs/source_summary_data.txt
    WLGCSummaryStatistic writing to tests/outputs/inprogress_wlgc_summary_data.txt
Stage complete: NMWLGCSummaryStatistic @ 2025-01-22 17:44:07.783348 took 0.00 minutes
