Executing stage: NMWLGCCov @ 2025-01-22 17:44:07.271517
    WLGCCov rank 0/1 reading from ./tests/inputs/fiducial_cosmology.txt
    WLGCCov rank 0/1 reading from ./tests/outputs/tomography_catalog.txt
    WLGCCov rank 0/1 reading from ./tests/outputs/shear_catalog.txt
    WLGCCov rank 0/1 reading from ./tests/outputs/source_summary_data.txt
    WLGCCov rank 0/1 reading from ./tests/outputs/diagnostic_maps.txt
    WLGCCov rank 0/1 writing to tests/outputs/inprogress_covariance.txt
Stage complete: NMWLGCCov @ 2025-01-22 17:44:07.271806 took 0.00 minutes
