Executing stage: NMWLGCSelector @ 2025-01-22 17:44:05.748305
{zbin_edges:[0.2, 0.3, 0.5],ra_range:[-5, 5],name:NMWLGCSelector,metacalibration:True,stage_name:ceci_example_namespace.example_stages.NMWLGCSelector,shear_catalog:./tests/outputs/shear_catalog.txt,photoz_pdfs:./tests/outputs/photoz_pdfs.txt,tomography_catalog:./tests/outputs/tomography_catalog.txt,config:./tests/config_nm.yml,mpi:False,pdb:False,cprofile:,memmon:0,trace:False,}
    WLGCSelector reading from ./tests/outputs/shear_catalog.txt
    WLGCSelector reading from ./tests/outputs/photoz_pdfs.txt
    WLGCSelector writing to tests/outputs/inprogress_tomography_catalog.txt
Stage complete: NMWLGCSelector @ 2025-01-22 17:44:05.748539 took 0.00 minutes
