Executing stage: NMWLGCRandoms @ 2025-01-22 17:44:05.236932
    WLGCRandoms reading from ./tests/outputs/diagnostic_maps.txt
    WLGCRandoms writing to tests/outputs/inprogress_random_catalog.txt
Stage complete: NMWLGCRandoms @ 2025-01-22 17:44:05.237148 took 0.00 minutes
