Executing stage: PZEstimationPipe @ 2025-01-23 07:39:38.432824
    PZEstimationPipe reading from ./tests/inputs/dm.txt
    PZEstimationPipe reading from ./tests/inputs/fiducial_cosmology.txt
    PZEstimationPipe writing to tests/outputs/inprogress_photoz_pdfs.txt
Stage complete: PZEstimationPipe @ 2025-01-23 07:39:38.433002 took 0.00 minutes
