Executing stage: shearMeasurementPipe @ 2025-01-23 07:39:37.933087
Here is my configuration : {metacalibration:True,apply_flag:False,name:shearMeasurementPipe,stage_name:shearMeasurementPipe,DM:./tests/inputs/dm.txt,shear_catalog:./tests/outputs/shear_catalog.txt,config:./tests/config.yml,mpi:False,pdb:False,cprofile:,memmon:0,trace:False,}
    shearMeasurementPipe reading from ./tests/inputs/dm.txt
    shearMeasurementPipe writing to tests/outputs/inprogress_shear_catalog.txt
Stage complete: shearMeasurementPipe @ 2025-01-23 07:39:37.933276 took 0.00 minutes
