Executing stage: SysMapMaker @ 2025-01-23 07:39:37.428163
    SysMapMaker reading from ./tests/inputs/dm.txt
    SysMapMaker writing to tests/outputs/inprogress_diagnostic_maps.txt
Stage complete: SysMapMaker @ 2025-01-23 07:39:37.428483 took 0.00 minutes
