Executing stage: WLGCTwoPoint @ 2025-01-23 07:39:40.438205
    WLGCTwoPoint reading from ./tests/outputs/tomography_catalog.txt
    WLGCTwoPoint reading from ./tests/outputs/shear_catalog.txt
    WLGCTwoPoint reading from ./tests/outputs/diagnostic_maps.txt
    WLGCTwoPoint reading from ./tests/outputs/random_catalog.txt
    WLGCTwoPoint writing to tests/outputs/inprogress_twopoint_data.txt
Stage complete: WLGCTwoPoint @ 2025-01-23 07:39:40.438371 took 0.00 minutes
