Executing stage: WLGCRandoms @ 2025-01-23 07:39:38.934040
    WLGCRandoms reading from ./tests/outputs/diagnostic_maps.txt
    WLGCRandoms writing to tests/outputs/inprogress_random_catalog.txt
Stage complete: WLGCRandoms @ 2025-01-23 07:39:38.934193 took 0.00 minutes
