Executing stage: WLGCCov @ 2025-01-23 07:39:40.943150
    WLGCCov rank 0/1 reading from ./tests/inputs/fiducial_cosmology.txt
    WLGCCov rank 0/1 reading from ./tests/outputs/tomography_catalog.txt
    WLGCCov rank 0/1 reading from ./tests/outputs/shear_catalog.txt
    WLGCCov rank 0/1 reading from ./tests/outputs/source_summary_data.txt
    WLGCCov rank 0/1 reading from ./tests/outputs/diagnostic_maps.txt
    WLGCCov rank 0/1 writing to tests/outputs/inprogress_covariance_shared.txt
Stage complete: WLGCCov @ 2025-01-23 07:39:40.943335 took 0.00 minutes
