Executing stage: WLGCSummaryStatistic @ 2025-01-23 07:39:41.439935
    WLGCSummaryStatistic reading from ./tests/outputs/twopoint_data.txt
    WLGCSummaryStatistic reading from ./tests/outputs/covariance_shared.txt
    WLGCSummaryStatistic reading from ./tests/outputs/source_summary_data.txt
    WLGCSummaryStatistic writing to tests/outputs/inprogress_wlgc_summary_data.txt
Stage complete: WLGCSummaryStatistic @ 2025-01-23 07:39:41.440100 took 0.00 minutes
